---- qbsp / ericw-tools 2.0.0-alpha8-26-ged62ec10 ----

--- Options Summary ---
    "nocolor" was set to "1" (from command line)

Input file: C:\Users\ethan\Documents\GitHub\quake-dm-testmap\test-compile.map
Output file: C:\Users\ethan\Documents\GitHub\quake-dm-testmap\test.bsp

INFO: using built-in palette.
WARNING: test-compile.map[line 6]: Unrecognised string escape - \e
WARNING: test-compile.map[line 6]: Unrecognised string escape - \q
WARNING: test-compile.map[line 6]: Unrecognised string escape - \Q
fs::addArchive: WARNING: archive '..\extras\quake\trenchbroom-quake-map-source\QUAKE101.WAD' not found
     95 entities
     12 unique textures
    438 texinfos
    646 unique planes

INFO: world extents calculated to 5712 units
      273 brushes
    1,639 sides
      120 side bevels

            0 texture frames added
WARNING: unable to find texture skip
Processing hull 0...
    273 SOLID brushes
    273 brushes total
    1,639 visible sides
INFO: calculating BSP for 273 brushes with 1639 sides
      273 brushes
    1,639 visible faces
    2,316 nodes
    2,060 expensive split nodes
      256 mid-split nodes
    2,317 leaves
    1,089 EMPTY leafs
    1,228 SOLID leafs
    2,317 leafs total
    24 max tree height
    14 avg tree height
    245 tiny portals
    9,637 tree portals
WARNING: Reached occupant "info_player_deathmatch" at (-620 144 32), no filling performed.
Leak file written to test.pts
            5 portals written to test.leak.prt
    245 tiny portals
    9,637 tree portals
WARNING: 1 sides not found (use -verbose to display)
    3,021 sides visible
    3,021 makefaces
      530 merged
    1,005 subdivided
    303 nodes pruned
    1,089 EMPTY leafs
      925 SOLID leafs
    2,014 leafs total
    24 max tree height
    14 avg tree height
         1 edges degenerated
     3,145 edges added by tjunctions
     3,492 faces optimized through MWT
    10,132 triangles computed from MWT
       739 faces created via optimization of MWT triangles
    9,429 edges
    4,235 faces
Processing hull 1...
Processing hull 2...
WARNING: worldspawn at 0 0 0 has long value for key wad (length 157 >= 127)
Writing test.bsp as Quake BSP bsp29
Wrote test.bsp

count   lump name    byte size 
      1 models               64
    425 planes             8500
   4960 vertexes          59520
   2013 nodes             48312
    378 texinfos          15120
   4235 faces             84700
   1074 clipnodes          8592
   1090 leafs             30520
   4531 marksurfaces       9062
   9430 edges             37720
  18606 surfedges         74424
     12 textures         113372
        lightdata             0
        visdata               0
        entdata            3618

0.227s seconds elapsed


